../Core/Src/main.c:108:13:myprintf	272	static
../Core/Src/main.c:122:5:mygetch	16	static
../Core/Src/main.c:129:6:generate_lookup_table	40	static
../Core/Src/main.c:144:5:min	16	static
../Core/Src/main.c:150:6:HAL_TIM_PWM_PulseFinishedCallback	16	static
../Core/Src/main.c:268:6:step_motor_X	16	static
../Core/Src/main.c:284:6:step_motor_Y	16	static
../Core/Src/main.c:300:6:step_motor_XY	32	static
../Core/Src/main.c:330:6:waitForCompletion	4	static
../Core/Src/main.c:336:6:move_X	16	static
../Core/Src/main.c:346:6:move_Y	16	static
../Core/Src/main.c:357:6:moveTo	40	static
../Core/Src/main.c:383:5:convertToSteps	24	static
../Core/Src/main.c:389:6:pen_down	8	static
../Core/Src/main.c:412:6:pen_up	8	static
../Core/Src/main.c:435:6:drawCircle	56	static
../Core/Src/main.c:447:6:drawStar	56	static
../Core/Src/main.c:463:5:main	16	static
../Core/Src/main.c:604:6:SystemClock_Config	120	static
../Core/Src/main.c:659:13:MX_ADC1_Init	48	static
../Core/Src/main.c:727:13:MX_TIM2_Init	48	static
../Core/Src/main.c:776:13:MX_TIM3_Init	48	static
../Core/Src/main.c:825:13:MX_TIM4_Init	48	static
../Core/Src/main.c:874:13:MX_USART3_UART_Init	8	static
../Core/Src/main.c:922:13:MX_GPIO_Init	56	static
../Core/Src/main.c:1012:6:Error_Handler	4	static,ignoring_inline_asm
