../Core/Src/main.c:71:13:myprintf	272	static
../Core/Src/main.c:85:5:mygetch	16	static
../Core/Src/main.c:96:6:generate_lookuptalbe	32	static
../Core/Src/main.c:114:5:min	16	static
../Core/Src/main.c:132:6:HAL_TIM_PWM_PulseFinishedCallback	16	static
../Core/Src/main.c:218:6:calibrate_motor	8	static
../Core/Src/main.c:231:6:move_motor	16	static
../Core/Src/main.c:253:5:main	8	static
../Core/Src/main.c:309:6:SystemClock_Config	120	static
../Core/Src/main.c:360:13:MX_TIM2_Init	48	static
../Core/Src/main.c:409:13:MX_USART3_UART_Init	8	static
../Core/Src/main.c:457:13:MX_GPIO_Init	48	static
../Core/Src/main.c:514:6:Error_Handler	4	static,ignoring_inline_asm
